<?xml version="1.0" encoding="UTF-8" ?>
<testsuites name="vitest tests" tests="336" failures="0" errors="0" time="0.850390158">
    <testsuite name="tests/integration/main-ipc.test.ts" timestamp="2025-07-04T12:57:47.091Z" hostname="DESKTOP-HR2BSFJ" tests="31" failures="0" errors="0" skipped="0" time="0.016167504">
        <testcase classname="tests/integration/main-ipc.test.ts" name="Main Process IPC Integration Tests &gt; Settings IPC Handlers &gt; should handle settings:get" time="0.001661946">
        </testcase>
        <testcase classname="tests/integration/main-ipc.test.ts" name="Main Process IPC Integration Tests &gt; Settings IPC Handlers &gt; should handle settings:update" time="0.000665894">
        </testcase>
        <testcase classname="tests/integration/main-ipc.test.ts" name="Main Process IPC Integration Tests &gt; Settings IPC Handlers &gt; should handle settings:reset" time="0.000425112">
        </testcase>
        <testcase classname="tests/integration/main-ipc.test.ts" name="Main Process IPC Integration Tests &gt; Settings IPC Handlers &gt; should handle settings:export" time="0.000859491">
        </testcase>
        <testcase classname="tests/integration/main-ipc.test.ts" name="Main Process IPC Integration Tests &gt; Settings IPC Handlers &gt; should handle settings:import" time="0.000628022">
        </testcase>
        <testcase classname="tests/integration/main-ipc.test.ts" name="Main Process IPC Integration Tests &gt; Settings IPC Handlers &gt; should handle invalid JSON in settings:import" time="0.000698987">
        </testcase>
        <testcase classname="tests/integration/main-ipc.test.ts" name="Main Process IPC Integration Tests &gt; LLM Provider IPC Handlers &gt; should handle llm:test-provider with healthy provider" time="0.000492057">
        </testcase>
        <testcase classname="tests/integration/main-ipc.test.ts" name="Main Process IPC Integration Tests &gt; LLM Provider IPC Handlers &gt; should handle llm:test-provider with unhealthy provider" time="0.000322139">
        </testcase>
        <testcase classname="tests/integration/main-ipc.test.ts" name="Main Process IPC Integration Tests &gt; LLM Provider IPC Handlers &gt; should handle llm:test-provider with missing provider" time="0.00038279">
        </testcase>
        <testcase classname="tests/integration/main-ipc.test.ts" name="Main Process IPC Integration Tests &gt; LLM Provider IPC Handlers &gt; should handle llm:get-models successfully" time="0.001057024">
        </testcase>
        <testcase classname="tests/integration/main-ipc.test.ts" name="Main Process IPC Integration Tests &gt; LLM Provider IPC Handlers &gt; should handle llm:get-models with error" time="0.00037082">
        </testcase>
        <testcase classname="tests/integration/main-ipc.test.ts" name="Main Process IPC Integration Tests &gt; LLM Provider IPC Handlers &gt; should handle llm:send-message successfully" time="0.000396822">
        </testcase>
        <testcase classname="tests/integration/main-ipc.test.ts" name="Main Process IPC Integration Tests &gt; LLM Provider IPC Handlers &gt; should handle llm:send-message with error" time="0.000276114">
        </testcase>
        <testcase classname="tests/integration/main-ipc.test.ts" name="Main Process IPC Integration Tests &gt; LLM Provider IPC Handlers &gt; should handle llm:get-status successfully" time="0.000342421">
        </testcase>
        <testcase classname="tests/integration/main-ipc.test.ts" name="Main Process IPC Integration Tests &gt; MCP Server IPC Handlers &gt; should handle mcp:add-server successfully" time="0.001155036">
        </testcase>
        <testcase classname="tests/integration/main-ipc.test.ts" name="Main Process IPC Integration Tests &gt; MCP Server IPC Handlers &gt; should handle mcp:add-server with error" time="0.000366795">
        </testcase>
        <testcase classname="tests/integration/main-ipc.test.ts" name="Main Process IPC Integration Tests &gt; MCP Server IPC Handlers &gt; should handle mcp:remove-server successfully" time="0.000304247">
        </testcase>
        <testcase classname="tests/integration/main-ipc.test.ts" name="Main Process IPC Integration Tests &gt; MCP Server IPC Handlers &gt; should handle mcp:update-server successfully" time="0.00045479">
        </testcase>
        <testcase classname="tests/integration/main-ipc.test.ts" name="Main Process IPC Integration Tests &gt; MCP Server IPC Handlers &gt; should handle mcp:get-servers successfully" time="0.000236539">
        </testcase>
        <testcase classname="tests/integration/main-ipc.test.ts" name="Main Process IPC Integration Tests &gt; Permission IPC Handlers &gt; should handle permissions:get-pending" time="0.000248024">
        </testcase>
        <testcase classname="tests/integration/main-ipc.test.ts" name="Main Process IPC Integration Tests &gt; Permission IPC Handlers &gt; should handle permissions:respond successfully" time="0.000268672">
        </testcase>
        <testcase classname="tests/integration/main-ipc.test.ts" name="Main Process IPC Integration Tests &gt; Permission IPC Handlers &gt; should handle permissions:respond with failure" time="0.000197158">
        </testcase>
        <testcase classname="tests/integration/main-ipc.test.ts" name="Main Process IPC Integration Tests &gt; Permission IPC Handlers &gt; should handle permissions:get-all" time="0.00021703">
        </testcase>
        <testcase classname="tests/integration/main-ipc.test.ts" name="Main Process IPC Integration Tests &gt; Permission IPC Handlers &gt; should handle permissions:revoke successfully" time="0.000325329">
        </testcase>
        <testcase classname="tests/integration/main-ipc.test.ts" name="Main Process IPC Integration Tests &gt; Permission IPC Handlers &gt; should handle permissions:clear-session" time="0.000205895">
        </testcase>
        <testcase classname="tests/integration/main-ipc.test.ts" name="Main Process IPC Integration Tests &gt; Permission IPC Handlers &gt; should handle permissions:update-settings" time="0.000209857">
        </testcase>
        <testcase classname="tests/integration/main-ipc.test.ts" name="Main Process IPC Integration Tests &gt; Permission IPC Handlers &gt; should handle permissions:get-settings" time="0.000171176">
        </testcase>
        <testcase classname="tests/integration/main-ipc.test.ts" name="Main Process IPC Integration Tests &gt; Error Handling &gt; should handle unexpected errors in handlers" time="0.000334692">
        </testcase>
        <testcase classname="tests/integration/main-ipc.test.ts" name="Main Process IPC Integration Tests &gt; Error Handling &gt; should handle non-Error objects thrown" time="0.000195589">
        </testcase>
        <testcase classname="tests/integration/main-ipc.test.ts" name="Main Process IPC Integration Tests &gt; Cross-Module Integration &gt; should handle full workflow: add provider, test, and send message" time="0.000382898">
        </testcase>
        <testcase classname="tests/integration/main-ipc.test.ts" name="Main Process IPC Integration Tests &gt; Cross-Module Integration &gt; should handle MCP server and permissions workflow" time="0.000612805">
        </testcase>
    </testsuite>
    <testsuite name="tests/integration/mcp-integration.test.ts" timestamp="2025-07-04T12:57:47.100Z" hostname="DESKTOP-HR2BSFJ" tests="7" failures="0" errors="0" skipped="0" time="0.041670469">
        <testcase classname="tests/integration/mcp-integration.test.ts" name="MCP Integration Tests &gt; Complete Server Lifecycle &gt; should handle complete server lifecycle from creation to destruction" time="0.01096525">
            <system-out>
Starting MCP server: Integration Test Server (integration-test-server)

MCP server ready: Integration Test Server {
  tools: [
    {
      name: [32m&apos;test-tool&apos;[39m,
      description: [32m&apos;A test tool&apos;[39m,
      inputSchema: [36m[Object][39m
    }
  ]
}

Discovered tools for integration-test-server: [33m1[39m [ [32m&apos;test-tool&apos;[39m ]

Discovered resources for integration-test-server: [33m1[39m

Discovered prompts for integration-test-server: [33m1[39m

Successfully started MCP server: Integration Test Server

Executing tool test-tool on server integration-test-server { args: { testParam: [32m&apos;value&apos;[39m } }

Tool execution completed for test-tool { result: { result: [32m&apos;Tool executed successfully&apos;[39m } }

Reading resource file://test.txt from server integration-test-server

Resource read completed for file://test.txt

Executing prompt test-prompt on server integration-test-server { args: { context: [32m&apos;test&apos;[39m } }

Prompt execution completed for test-prompt

Subscribed to resource file://test.txt on integration-test-server

Stopping MCP server: Integration Test Server

Successfully stopped MCP server: Integration Test Server

            </system-out>
        </testcase>
        <testcase classname="tests/integration/mcp-integration.test.ts" name="MCP Integration Tests &gt; Complete Server Lifecycle &gt; should handle server failure and recovery" time="0.005142964">
            <system-out>
Starting MCP server: Integration Test Server (integration-test-server)

Stopping MCP server: Integration Test Server
Successfully stopped MCP server: Integration Test Server

Starting MCP server: Integration Test Server (integration-test-server)

MCP server ready: Integration Test Server {
  tools: [
    {
      name: [32m&apos;test-tool&apos;[39m,
      description: [32m&apos;A test tool&apos;[39m,
      inputSchema: [36m[Object][39m
    }
  ]
}

Discovered tools for integration-test-server: [33m1[39m [ [32m&apos;test-tool&apos;[39m ]

Discovered resources for integration-test-server: [33m1[39m

Discovered prompts for integration-test-server: [33m1[39m

Successfully started MCP server: Integration Test Server

Stopping MCP server: Integration Test Server

Successfully stopped MCP server: Integration Test Server

            </system-out>
        </testcase>
        <testcase classname="tests/integration/mcp-integration.test.ts" name="MCP Integration Tests &gt; Error Handling and Edge Cases &gt; should handle tool execution errors gracefully" time="0.00411331">
            <system-out>
Starting MCP server: Integration Test Server (integration-test-server)

MCP server ready: Integration Test Server {
  tools: [
    {
      name: [32m&apos;test-tool&apos;[39m,
      description: [32m&apos;A test tool&apos;[39m,
      inputSchema: [36m[Object][39m
    }
  ]
}

Discovered tools for integration-test-server: [33m1[39m [ [32m&apos;test-tool&apos;[39m ]

Discovered resources for integration-test-server: [33m1[39m

Discovered prompts for integration-test-server: [33m1[39m

Successfully started MCP server: Integration Test Server

Executing tool test-tool on server integration-test-server { args: {} }

Stopping MCP server: Integration Test Server

Successfully stopped MCP server: Integration Test Server

            </system-out>
        </testcase>
        <testcase classname="tests/integration/mcp-integration.test.ts" name="MCP Integration Tests &gt; Error Handling and Edge Cases &gt; should handle resource reading errors" time="0.001890446">
            <system-out>
Starting MCP server: Integration Test Server (integration-test-server)

MCP server ready: Integration Test Server {
  tools: [
    {
      name: [32m&apos;test-tool&apos;[39m,
      description: [32m&apos;A test tool&apos;[39m,
      inputSchema: [36m[Object][39m
    }
  ]
}

Discovered tools for integration-test-server: [33m1[39m [ [32m&apos;test-tool&apos;[39m ]

Discovered resources for integration-test-server: [33m1[39m

Discovered prompts for integration-test-server: [33m1[39m

Successfully started MCP server: Integration Test Server

Reading resource file://nonexistent.txt from server integration-test-server

Stopping MCP server: Integration Test Server

Successfully stopped MCP server: Integration Test Server

            </system-out>
        </testcase>
        <testcase classname="tests/integration/mcp-integration.test.ts" name="MCP Integration Tests &gt; Error Handling and Edge Cases &gt; should handle server process crashes" time="0.006725352">
            <system-out>
Starting MCP server: Integration Test Server (integration-test-server)

MCP server ready: Integration Test Server {
  tools: [
    {
      name: [32m&apos;test-tool&apos;[39m,
      description: [32m&apos;A test tool&apos;[39m,
      inputSchema: [36m[Object][39m
    }
  ]
}

Discovered tools for integration-test-server: [33m1[39m [ [32m&apos;test-tool&apos;[39m ]

Discovered resources for integration-test-server: [33m1[39m

Discovered prompts for integration-test-server: [33m1[39m

Successfully started MCP server: Integration Test Server

Stopping MCP server: Integration Test Server

Successfully stopped MCP server: Integration Test Server

            </system-out>
        </testcase>
        <testcase classname="tests/integration/mcp-integration.test.ts" name="MCP Integration Tests &gt; Resource Subscription Management &gt; should handle resource subscription lifecycle" time="0.006625512">
            <system-out>
Starting MCP server: Integration Test Server (integration-test-server)

MCP server ready: Integration Test Server {
  tools: [
    {
      name: [32m&apos;test-tool&apos;[39m,
      description: [32m&apos;A test tool&apos;[39m,
      inputSchema: [36m[Object][39m
    }
  ]
}

Discovered tools for integration-test-server: [33m1[39m [ [32m&apos;test-tool&apos;[39m ]

Discovered resources for integration-test-server: [33m1[39m

Discovered prompts for integration-test-server: [33m1[39m

Successfully started MCP server: Integration Test Server

Subscribed to resource file://dynamic-resource.txt on integration-test-server

Unsubscribed from resource file://dynamic-resource.txt on integration-test-server

Stopping MCP server: Integration Test Server

Successfully stopped MCP server: Integration Test Server

            </system-out>
        </testcase>
        <testcase classname="tests/integration/mcp-integration.test.ts" name="MCP Integration Tests &gt; Performance and Concurrency &gt; should handle concurrent tool executions" time="0.004254688">
            <system-out>
Starting MCP server: Integration Test Server (integration-test-server)

MCP server ready: Integration Test Server {
  tools: [
    {
      name: [32m&apos;test-tool&apos;[39m,
      description: [32m&apos;A test tool&apos;[39m,
      inputSchema: [36m[Object][39m
    }
  ]
}

Discovered tools for integration-test-server: [33m1[39m [ [32m&apos;test-tool&apos;[39m ]

Discovered resources for integration-test-server: [33m1[39m

Discovered prompts for integration-test-server: [33m1[39m

Successfully started MCP server: Integration Test Server

Executing tool test-tool on server integration-test-server { args: { index: [33m0[39m } }

Tool execution completed for test-tool { result: { result: [32m&apos;Tool executed successfully&apos;[39m } }

Executing tool test-tool on server integration-test-server { args: { index: [33m1[39m } }

Tool execution completed for test-tool { result: { result: [32m&apos;Tool executed successfully&apos;[39m } }

Executing tool test-tool on server integration-test-server { args: { index: [33m2[39m } }

Tool execution completed for test-tool { result: { result: [32m&apos;Tool executed successfully&apos;[39m } }

Stopping MCP server: Integration Test Server

Successfully stopped MCP server: Integration Test Server

            </system-out>
        </testcase>
    </testsuite>
    <testsuite name="tests/utils/SessionManager.test.ts" timestamp="2025-07-04T12:57:47.106Z" hostname="DESKTOP-HR2BSFJ" tests="4" failures="0" errors="0" skipped="0" time="0.004059265">
        <testcase classname="tests/utils/SessionManager.test.ts" name="SessionManager basics &gt; creates a new session and sets it as current" time="0.001741613">
            <system-out>
SessionManager: No app storage found, checking for legacy chat history...
SessionManager: No legacy data found, creating default storage
SessionManager: Cleared all sessions

SessionManager: Created new session: session_1751633866550_j59k5lbwv

            </system-out>
        </testcase>
        <testcase classname="tests/utils/SessionManager.test.ts" name="SessionManager basics &gt; renames an existing session" time="0.000374276">
            <system-out>
SessionManager: Cleared all sessions

SessionManager: Created new session: session_1751633866550_te1rugt48
SessionManager: Updated session: session_1751633866550_te1rugt48

            </system-out>
        </testcase>
        <testcase classname="tests/utils/SessionManager.test.ts" name="SessionManager basics &gt; prunes old sessions beyond max cap" time="0.000991216">
            <system-out>
SessionManager: Cleared all sessions

SessionManager: Created new session: session_1751633866551_8cn7jeb45
SessionManager: Created new session: session_1751633866551_v7ajzptnn
SessionManager: Created new session: session_1751633866551_0su5j36qg
SessionManager: Created new session: session_1751633866551_lytt11qby
SessionManager: Created new session: session_1751633866551_kal6buo7t
SessionManager: Created new session: session_1751633866551_khmn4wwiu
SessionManager: Created new session: session_1751633866551_ndmu66y56
SessionManager: Created new session: session_1751633866551_i5n4sgl1u
SessionManager: Created new session: session_1751633866551_xnqil3x5e
SessionManager: Created new session: session_1751633866551_rwff4s2x4
SessionManager: Deleted session: session_1751633866551_8cn7jeb45
SessionManager: Deleted session: session_1751633866551_v7ajzptnn
SessionManager: Deleted session: session_1751633866551_0su5j36qg
SessionManager: Deleted session: session_1751633866551_lytt11qby
SessionManager: Deleted session: session_1751633866551_kal6buo7t

            </system-out>
        </testcase>
        <testcase classname="tests/utils/SessionManager.test.ts" name="SessionManager basics &gt; clears all sessions" time="0.000298118">
            <system-out>
SessionManager: Cleared all sessions

SessionManager: Created new session: session_1751633866552_wd2yzuwqg
SessionManager: Created new session: session_1751633866552_6puixeu28
SessionManager: Created new session: session_1751633866552_6y18ocxm6
SessionManager: Cleared all sessions

            </system-out>
        </testcase>
    </testsuite>
    <testsuite name="tests/main/config/ConfigManager.test.ts" timestamp="2025-07-04T12:57:47.108Z" hostname="DESKTOP-HR2BSFJ" tests="38" failures="0" errors="0" skipped="0" time="0.018030424">
        <testcase classname="tests/main/config/ConfigManager.test.ts" name="ConfigManager &gt; Constructor and Initialization &gt; should initialize with default settings when no config file exists" time="0.002403617">
        </testcase>
        <testcase classname="tests/main/config/ConfigManager.test.ts" name="ConfigManager &gt; Constructor and Initialization &gt; should load existing configuration when config file exists" time="0.000622841">
        </testcase>
        <testcase classname="tests/main/config/ConfigManager.test.ts" name="ConfigManager &gt; Constructor and Initialization &gt; should handle config file read errors gracefully" time="0.000375328">
        </testcase>
        <testcase classname="tests/main/config/ConfigManager.test.ts" name="ConfigManager &gt; Constructor and Initialization &gt; should handle invalid JSON gracefully" time="0.000286921">
        </testcase>
        <testcase classname="tests/main/config/ConfigManager.test.ts" name="ConfigManager &gt; Constructor and Initialization &gt; should use fallback path when userData path fails" time="0.001109137">
        </testcase>
        <testcase classname="tests/main/config/ConfigManager.test.ts" name="ConfigManager &gt; Settings Management &gt; should update general settings" time="0.000448166">
        </testcase>
        <testcase classname="tests/main/config/ConfigManager.test.ts" name="ConfigManager &gt; Settings Management &gt; should update LLM providers" time="0.000335416">
        </testcase>
        <testcase classname="tests/main/config/ConfigManager.test.ts" name="ConfigManager &gt; Settings Management &gt; should update MCP servers" time="0.000277676">
        </testcase>
        <testcase classname="tests/main/config/ConfigManager.test.ts" name="ConfigManager &gt; Settings Management &gt; should handle update errors" time="0.000805032">
        </testcase>
        <testcase classname="tests/main/config/ConfigManager.test.ts" name="ConfigManager &gt; Settings Management &gt; should return deep copy of settings" time="0.000852071">
        </testcase>
        <testcase classname="tests/main/config/ConfigManager.test.ts" name="ConfigManager &gt; Provider Management &gt; should add LLM provider" time="0.000330845">
        </testcase>
        <testcase classname="tests/main/config/ConfigManager.test.ts" name="ConfigManager &gt; Provider Management &gt; should update LLM provider by ID" time="0.000238751">
        </testcase>
        <testcase classname="tests/main/config/ConfigManager.test.ts" name="ConfigManager &gt; Provider Management &gt; should remove LLM provider" time="0.000321786">
        </testcase>
        <testcase classname="tests/main/config/ConfigManager.test.ts" name="ConfigManager &gt; Provider Management &gt; should clear default provider when removing it" time="0.000220838">
        </testcase>
        <testcase classname="tests/main/config/ConfigManager.test.ts" name="ConfigManager &gt; Provider Management &gt; should find best default provider model" time="0.000154031">
        </testcase>
        <testcase classname="tests/main/config/ConfigManager.test.ts" name="ConfigManager &gt; Provider Management &gt; should return undefined when no enabled provider with model exists" time="0.000105529">
        </testcase>
        <testcase classname="tests/main/config/ConfigManager.test.ts" name="ConfigManager &gt; Provider Management &gt; should set and get default provider model" time="0.000145244">
        </testcase>
        <testcase classname="tests/main/config/ConfigManager.test.ts" name="ConfigManager &gt; MCP Server Management &gt; should add MCP server" time="0.000442841">
        </testcase>
        <testcase classname="tests/main/config/ConfigManager.test.ts" name="ConfigManager &gt; MCP Server Management &gt; should update existing MCP server when adding with same ID" time="0.00028406">
        </testcase>
        <testcase classname="tests/main/config/ConfigManager.test.ts" name="ConfigManager &gt; MCP Server Management &gt; should remove MCP server" time="0.00034118">
        </testcase>
        <testcase classname="tests/main/config/ConfigManager.test.ts" name="ConfigManager &gt; MCP Server Management &gt; should handle removing non-existent MCP server" time="0.000154853">
        </testcase>
        <testcase classname="tests/main/config/ConfigManager.test.ts" name="ConfigManager &gt; MCP Server Management &gt; should update MCP server" time="0.000230364">
        </testcase>
        <testcase classname="tests/main/config/ConfigManager.test.ts" name="ConfigManager &gt; MCP Server Management &gt; should throw error when updating non-existent MCP server" time="0.000216453">
        </testcase>
        <testcase classname="tests/main/config/ConfigManager.test.ts" name="ConfigManager &gt; Settings Validation &gt; should validate valid settings" time="0.000288592">
        </testcase>
        <testcase classname="tests/main/config/ConfigManager.test.ts" name="ConfigManager &gt; Settings Validation &gt; should reject invalid theme" time="0.000128402">
        </testcase>
        <testcase classname="tests/main/config/ConfigManager.test.ts" name="ConfigManager &gt; Settings Validation &gt; should reject invalid provider type" time="0.000262233">
        </testcase>
        <testcase classname="tests/main/config/ConfigManager.test.ts" name="ConfigManager &gt; Settings Validation &gt; should reject invalid MCP server structure" time="0.000163432">
        </testcase>
        <testcase classname="tests/main/config/ConfigManager.test.ts" name="ConfigManager &gt; Settings Validation &gt; should reject non-object settings" time="0.00019013">
        </testcase>
        <testcase classname="tests/main/config/ConfigManager.test.ts" name="ConfigManager &gt; Import/Export &gt; should export settings as JSON string" time="0.000571774">
        </testcase>
        <testcase classname="tests/main/config/ConfigManager.test.ts" name="ConfigManager &gt; Import/Export &gt; should import valid settings" time="0.000205182">
        </testcase>
        <testcase classname="tests/main/config/ConfigManager.test.ts" name="ConfigManager &gt; Import/Export &gt; should reject invalid JSON during import" time="0.000296151">
        </testcase>
        <testcase classname="tests/main/config/ConfigManager.test.ts" name="ConfigManager &gt; Import/Export &gt; should reject invalid settings during import" time="0.000230563">
        </testcase>
        <testcase classname="tests/main/config/ConfigManager.test.ts" name="ConfigManager &gt; Provider Deduplication &gt; should deduplicate providers by type" time="0.000365487">
        </testcase>
        <testcase classname="tests/main/config/ConfigManager.test.ts" name="ConfigManager &gt; Provider Deduplication &gt; should ensure required default providers exist" time="0.000193739">
        </testcase>
        <testcase classname="tests/main/config/ConfigManager.test.ts" name="ConfigManager &gt; Reset to Defaults &gt; should reset all settings to defaults" time="0.000281669">
        </testcase>
        <testcase classname="tests/main/config/ConfigManager.test.ts" name="ConfigManager &gt; Migration and Merging &gt; should merge partial user settings with defaults" time="0.000385335">
        </testcase>
        <testcase classname="tests/main/config/ConfigManager.test.ts" name="ConfigManager &gt; Migration and Merging &gt; should handle migration of LLM settings" time="0.000618246">
        </testcase>
        <testcase classname="tests/main/config/ConfigManager.test.ts" name="ConfigManager &gt; Migration and Merging &gt; should use defaults when LLM providers are invalid" time="0.00099881">
        </testcase>
    </testsuite>
    <testsuite name="tests/main/llm/LlmManager.test.ts" timestamp="2025-07-04T12:57:47.114Z" hostname="DESKTOP-HR2BSFJ" tests="49" failures="0" errors="0" skipped="0" time="0.035019371">
        <testcase classname="tests/main/llm/LlmManager.test.ts" name="LlmManager &gt; Initialization &gt; should initialize successfully" time="0.002469451">
            <system-out>
Initializing LLM Manager
LLM Manager initialized successfully

            </system-out>
        </testcase>
        <testcase classname="tests/main/llm/LlmManager.test.ts" name="LlmManager &gt; Initialization &gt; should set max listeners to 50" time="0.000388033">
        </testcase>
        <testcase classname="tests/main/llm/LlmManager.test.ts" name="LlmManager &gt; Provider Management &gt; should add Ollama provider" time="0.00090583">
            <system-out>
LLM provider added: Test Provider (ollama)

Health check for test-provider: healthy

            </system-out>
        </testcase>
        <testcase classname="tests/main/llm/LlmManager.test.ts" name="LlmManager &gt; Provider Management &gt; should add OpenRouter provider" time="0.000424274">
            <system-out>
LLM provider added: Test Provider (openrouter)

Health check for test-provider: unhealthy

            </system-out>
        </testcase>
        <testcase classname="tests/main/llm/LlmManager.test.ts" name="LlmManager &gt; Provider Management &gt; should reject unsupported provider type" time="0.000822549">
        </testcase>
        <testcase classname="tests/main/llm/LlmManager.test.ts" name="LlmManager &gt; Provider Management &gt; should remove provider" time="0.000856097">
            <system-out>
LLM provider added: Test Provider (ollama)

Health check for test-provider: healthy

LLM provider removed: test-provider

            </system-out>
        </testcase>
        <testcase classname="tests/main/llm/LlmManager.test.ts" name="LlmManager &gt; Provider Management &gt; should handle removing non-existent provider" time="0.000413489">
        </testcase>
        <testcase classname="tests/main/llm/LlmManager.test.ts" name="LlmManager &gt; Provider Management &gt; should update provider config" time="0.001793985">
            <system-out>
LLM provider added: Test Provider (ollama)

Health check for test-provider: healthy

LLM provider updated: test-provider

            </system-out>
        </testcase>
        <testcase classname="tests/main/llm/LlmManager.test.ts" name="LlmManager &gt; Provider Management &gt; should throw error when updating non-existent provider" time="0.00047941">
        </testcase>
        <testcase classname="tests/main/llm/LlmManager.test.ts" name="LlmManager &gt; Provider Management &gt; should check health when provider is enabled" time="0.000551455">
            <system-out>
LLM provider added: Test Provider (ollama)

Health check for test-provider: healthy

LLM provider updated: test-provider

Health check for test-provider: healthy

            </system-out>
        </testcase>
        <testcase classname="tests/main/llm/LlmManager.test.ts" name="LlmManager &gt; Provider Management &gt; should mark as unhealthy when provider is disabled" time="0.001037805">
            <system-out>
LLM provider added: Test Provider (ollama)

Health check for test-provider: healthy

LLM provider updated: test-provider

            </system-out>
        </testcase>
        <testcase classname="tests/main/llm/LlmManager.test.ts" name="LlmManager &gt; Provider Management &gt; should get all providers" time="0.000346059">
            <system-out>
LLM provider added: Test Provider (ollama)

Health check for test-provider: healthy

            </system-out>
        </testcase>
        <testcase classname="tests/main/llm/LlmManager.test.ts" name="LlmManager &gt; Provider Management &gt; should emit events for provider operations" time="0.001740113">
            <system-out>
LLM provider added: Test Provider (ollama)

Health check for test-provider: healthy

LLM provider updated: test-provider

LLM provider removed: test-provider

            </system-out>
        </testcase>
        <testcase classname="tests/main/llm/LlmManager.test.ts" name="LlmManager &gt; Health Management &gt; should check provider health" time="0.000574719">
            <system-out>
LLM provider added: Test Provider (ollama)

Health check for test-provider: healthy

Health check for test-provider: healthy

            </system-out>
        </testcase>
        <testcase classname="tests/main/llm/LlmManager.test.ts" name="LlmManager &gt; Health Management &gt; should return false for non-existent provider health check" time="0.000463941">
            <system-out>
LLM provider added: Test Provider (ollama)

Health check for test-provider: healthy

            </system-out>
        </testcase>
        <testcase classname="tests/main/llm/LlmManager.test.ts" name="LlmManager &gt; Health Management &gt; should handle health check failures" time="0.000549374">
            <system-out>
LLM provider added: Test Provider (ollama)

Health check for test-provider: healthy

            </system-out>
        </testcase>
        <testcase classname="tests/main/llm/LlmManager.test.ts" name="LlmManager &gt; Health Management &gt; should implement exponential backoff for retries" time="0.000488313">
            <system-out>
LLM provider added: Test Provider (ollama)

Health check for test-provider: healthy

Health check for test-provider: unhealthy

            </system-out>
        </testcase>
        <testcase classname="tests/main/llm/LlmManager.test.ts" name="LlmManager &gt; Health Management &gt; should reset retry count on successful health check" time="0.000524338">
            <system-out>
LLM provider added: Test Provider (ollama)

Health check for test-provider: healthy

Health check for test-provider: unhealthy

Health check for test-provider: healthy

            </system-out>
        </testcase>
        <testcase classname="tests/main/llm/LlmManager.test.ts" name="LlmManager &gt; Health Management &gt; should check all providers health" time="0.000625669">
            <system-out>
LLM provider added: Test Provider (ollama)

Health check for test-provider: healthy

LLM provider added: Test Provider (openrouter)

Health check for openrouter-provider: healthy

Health check for test-provider: healthy
Health check for openrouter-provider: healthy

            </system-out>
        </testcase>
        <testcase classname="tests/main/llm/LlmManager.test.ts" name="LlmManager &gt; Health Management &gt; should skip health check for disabled providers" time="0.000243416">
            <system-out>
LLM provider added: Test Provider (ollama)

Health check for test-provider: healthy

            </system-out>
        </testcase>
        <testcase classname="tests/main/llm/LlmManager.test.ts" name="LlmManager &gt; Health Management &gt; should skip health check if retry time not reached" time="0.000327311">
            <system-out>
LLM provider added: Test Provider (ollama)

Health check for test-provider: healthy

            </system-out>
        </testcase>
        <testcase classname="tests/main/llm/LlmManager.test.ts" name="LlmManager &gt; Health Management &gt; should get all provider health" time="0.00032691">
            <system-out>
LLM provider added: Test Provider (ollama)

Health check for test-provider: healthy

            </system-out>
        </testcase>
        <testcase classname="tests/main/llm/LlmManager.test.ts" name="LlmManager &gt; Health Management &gt; should emit health change events" time="0.000708588">
            <system-out>
LLM provider added: Test Provider (ollama)

Health check for test-provider: healthy

Health check for test-provider: healthy

            </system-out>
        </testcase>
        <testcase classname="tests/main/llm/LlmManager.test.ts" name="LlmManager &gt; Message Processing &gt; should send message successfully" time="0.002369439">
            <system-out>
LLM provider added: Test Provider (ollama)

Health check for test-provider: healthy

            </system-out>
        </testcase>
        <testcase classname="tests/main/llm/LlmManager.test.ts" name="LlmManager &gt; Message Processing &gt; should merge provider config with options" time="0.001396533">
            <system-out>
LLM provider added: Test Provider (ollama)

Health check for test-provider: healthy

            </system-out>
        </testcase>
        <testcase classname="tests/main/llm/LlmManager.test.ts" name="LlmManager &gt; Message Processing &gt; should throw error for non-existent provider" time="0.000475111">
            <system-out>
LLM provider added: Test Provider (ollama)

Health check for test-provider: healthy

            </system-out>
        </testcase>
        <testcase classname="tests/main/llm/LlmManager.test.ts" name="LlmManager &gt; Message Processing &gt; should throw error for disabled provider" time="0.000440655">
            <system-out>
LLM provider added: Test Provider (ollama)

Health check for test-provider: healthy

            </system-out>
        </testcase>
        <testcase classname="tests/main/llm/LlmManager.test.ts" name="LlmManager &gt; Message Processing &gt; should attempt recovery for unhealthy provider" time="0.000255833">
            <system-out>
LLM provider added: Test Provider (ollama)

Health check for test-provider: healthy

Health check for test-provider: healthy

            </system-out>
        </testcase>
        <testcase classname="tests/main/llm/LlmManager.test.ts" name="LlmManager &gt; Message Processing &gt; should throw error if recovery fails" time="0.000239847">
            <system-out>
LLM provider added: Test Provider (ollama)

Health check for test-provider: healthy

Health check for test-provider: unhealthy

            </system-out>
        </testcase>
        <testcase classname="tests/main/llm/LlmManager.test.ts" name="LlmManager &gt; Message Processing &gt; should handle message processing errors" time="0.000406543">
            <system-out>
LLM provider added: Test Provider (ollama)

Health check for test-provider: healthy

            </system-out>
        </testcase>
        <testcase classname="tests/main/llm/LlmManager.test.ts" name="LlmManager &gt; Message Processing &gt; should emit events for message processing" time="0.000564188">
            <system-out>
LLM provider added: Test Provider (ollama)

Health check for test-provider: healthy

            </system-out>
        </testcase>
        <testcase classname="tests/main/llm/LlmManager.test.ts" name="LlmManager &gt; Message Processing &gt; should reset retry count on successful message" time="0.000298961">
            <system-out>
LLM provider added: Test Provider (ollama)

Health check for test-provider: healthy

            </system-out>
        </testcase>
        <testcase classname="tests/main/llm/LlmManager.test.ts" name="LlmManager &gt; Model Management &gt; should get available models" time="0.004859022">
            <system-out>
LLM provider added: Test Provider (ollama)

Health check for test-provider: healthy

            </system-out>
        </testcase>
        <testcase classname="tests/main/llm/LlmManager.test.ts" name="LlmManager &gt; Model Management &gt; should return empty array for non-existent provider" time="0.000473982">
            <system-out>
LLM provider added: Test Provider (ollama)

Health check for test-provider: healthy

            </system-out>
        </testcase>
        <testcase classname="tests/main/llm/LlmManager.test.ts" name="LlmManager &gt; Model Management &gt; should handle model fetching errors" time="0.000452981">
            <system-out>
LLM provider added: Test Provider (ollama)

Health check for test-provider: healthy

            </system-out>
        </testcase>
        <testcase classname="tests/main/llm/LlmManager.test.ts" name="LlmManager &gt; Status and Validation &gt; should get status with enabled providers" time="0.000614164">
            <system-out>
LLM provider added: Test Provider (ollama)

Health check for test-provider: healthy

[LlmManager] getStatus: Gathering status for providers...
  → Provider test-provider: name=&quot;Test Provider&quot; type=ollama enabled=true
[LlmManager] getStatus: Processing enabled provider test-provider

    • test-provider health=true models=1
[LlmManager] getStatus: Returning 1 enabled providers

            </system-out>
        </testcase>
        <testcase classname="tests/main/llm/LlmManager.test.ts" name="LlmManager &gt; Status and Validation &gt; should exclude disabled providers from status" time="0.000323745">
            <system-out>
LLM provider added: Test Provider (ollama)

Health check for test-provider: healthy

[LlmManager] getStatus: Gathering status for providers...
  → Provider test-provider: name=&quot;Test Provider&quot; type=ollama enabled=false
[LlmManager] getStatus: Returning 0 enabled providers

            </system-out>
        </testcase>
        <testcase classname="tests/main/llm/LlmManager.test.ts" name="LlmManager &gt; Status and Validation &gt; should validate provider model - valid case" time="0.000294">
            <system-out>
LLM provider added: Test Provider (ollama)

Health check for test-provider: healthy

            </system-out>
        </testcase>
        <testcase classname="tests/main/llm/LlmManager.test.ts" name="LlmManager &gt; Status and Validation &gt; should validate provider model - removed provider" time="0.000197311">
            <system-out>
LLM provider added: Test Provider (ollama)

Health check for test-provider: healthy

            </system-out>
        </testcase>
        <testcase classname="tests/main/llm/LlmManager.test.ts" name="LlmManager &gt; Status and Validation &gt; should validate provider model - disabled provider" time="0.000195563">
            <system-out>
LLM provider added: Test Provider (ollama)

Health check for test-provider: healthy

            </system-out>
        </testcase>
        <testcase classname="tests/main/llm/LlmManager.test.ts" name="LlmManager &gt; Status and Validation &gt; should validate provider model - unhealthy provider" time="0.000226425">
            <system-out>
LLM provider added: Test Provider (ollama)

Health check for test-provider: healthy

            </system-out>
        </testcase>
        <testcase classname="tests/main/llm/LlmManager.test.ts" name="LlmManager &gt; Shutdown &gt; should shutdown cleanly" time="0.000299641">
            <system-out>
LLM provider added: Test Provider (ollama)

Health check for test-provider: healthy

Shutting down LLM Manager
LLM Manager shutdown complete

            </system-out>
        </testcase>
        <testcase classname="tests/main/llm/LlmManager.test.ts" name="LlmManager &gt; Shutdown &gt; should remove all listeners on shutdown" time="0.000175962">
            <system-out>
Shutting down LLM Manager
LLM Manager shutdown complete

            </system-out>
        </testcase>
        <testcase classname="tests/main/llm/LlmManager.test.ts" name="LlmManager &gt; Provider ID Generation &gt; should use provided ID" time="0.000165745">
            <system-out>
LLM provider added: Test Provider (ollama)

Health check for custom-id: healthy

            </system-out>
        </testcase>
        <testcase classname="tests/main/llm/LlmManager.test.ts" name="LlmManager &gt; Provider ID Generation &gt; should generate ID from type and name when not provided" time="0.000235141">
            <system-out>
LLM provider added: Test Provider (ollama)

Health check for ollama-test-provider: healthy

            </system-out>
        </testcase>
        <testcase classname="tests/main/llm/LlmManager.test.ts" name="LlmManager &gt; Provider ID Generation &gt; should handle names with spaces and special characters" time="0.00014881">
            <system-out>
LLM provider added: Test Provider With Spaces (ollama)

Health check for ollama-test-provider-with-spaces: healthy

            </system-out>
        </testcase>
        <testcase classname="tests/main/llm/LlmManager.test.ts" name="LlmManager &gt; Edge Cases &gt; should handle multiple providers of same type" time="0.000205979">
            <system-out>
LLM provider added: Ollama 1 (ollama)

Health check for ollama-1: healthy

LLM provider added: Ollama 2 (ollama)

Health check for ollama-2: healthy

            </system-out>
        </testcase>
        <testcase classname="tests/main/llm/LlmManager.test.ts" name="LlmManager &gt; Edge Cases &gt; should handle provider config updates with undefined values" time="0.000365912">
            <system-out>
LLM provider added: Test Provider (ollama)

Health check for test-provider: healthy

LLM provider updated: test-provider

            </system-out>
        </testcase>
        <testcase classname="tests/main/llm/LlmManager.test.ts" name="LlmManager &gt; Edge Cases &gt; should handle health check with no initial health status" time="0.000187736">
            <system-out>
LLM provider added: Test Provider (ollama)

Health check for test-provider: healthy

            </system-out>
        </testcase>
    </testsuite>
    <testsuite name="tests/main/mcp/ConnectionManager.test.ts" timestamp="2025-07-04T12:57:47.138Z" hostname="DESKTOP-HR2BSFJ" tests="57" failures="0" errors="0" skipped="0" time="0.169492593">
        <testcase classname="tests/main/mcp/ConnectionManager.test.ts" name="ServerManager &gt; Server Lifecycle Management &gt; startServer &gt; should successfully start a STDIO server" time="0.007639134">
            <system-out>
Starting MCP server: Test Server (test-server)

MCP server ready: Test Server {
  tools: [ { name: [32m&apos;test-tool&apos;[39m, description: [32m&apos;Test tool&apos;[39m, inputSchema: {} } ]
}

Discovered tools for test-server: [33m1[39m [ [32m&apos;test-tool&apos;[39m ]

Discovered resources for test-server: [33m0[39m

Discovered prompts for test-server: [33m0[39m

Successfully started MCP server: Test Server

Stopping MCP server: Test Server

Successfully stopped MCP server: Test Server

            </system-out>
        </testcase>
        <testcase classname="tests/main/mcp/ConnectionManager.test.ts" name="ServerManager &gt; Server Lifecycle Management &gt; startServer &gt; should successfully start an HTTP server" time="0.003588501">
            <system-out>
Starting MCP server: Test HTTP Server (test-http-server)

MCP server ready: Test HTTP Server { tools: [] }

Discovered tools for test-http-server: [33m0[39m []

Discovered resources for test-http-server: [33m0[39m

Discovered prompts for test-http-server: [33m0[39m

Successfully started MCP server: Test HTTP Server

Stopping MCP server: Test HTTP Server

Successfully stopped MCP server: Test HTTP Server

            </system-out>
        </testcase>
        <testcase classname="tests/main/mcp/ConnectionManager.test.ts" name="ServerManager &gt; Server Lifecycle Management &gt; startServer &gt; should handle Windows command resolution" time="0.002733004">
            <system-out>
Starting MCP server: Test Server (test-server)

MCP server ready: Test Server { tools: [] }

Discovered tools for test-server: [33m0[39m []

Discovered resources for test-server: [33m0[39m

Discovered prompts for test-server: [33m0[39m

Successfully started MCP server: Test Server

Stopping MCP server: Test Server

Successfully stopped MCP server: Test Server

            </system-out>
        </testcase>
        <testcase classname="tests/main/mcp/ConnectionManager.test.ts" name="ServerManager &gt; Server Lifecycle Management &gt; startServer &gt; should handle command with spaces and quotes" time="0.00302859">
            <system-out>
Starting MCP server: Test Server (test-server)

MCP server ready: Test Server { tools: [] }

Discovered tools for test-server: [33m0[39m []

Discovered resources for test-server: [33m0[39m

Discovered prompts for test-server: [33m0[39m

Successfully started MCP server: Test Server

Stopping MCP server: Test Server

Successfully stopped MCP server: Test Server

            </system-out>
        </testcase>
        <testcase classname="tests/main/mcp/ConnectionManager.test.ts" name="ServerManager &gt; Server Lifecycle Management &gt; startServer &gt; should handle maximum server limit" time="0.011750906">
            <system-out>
Stopping MCP server: Server 0
Stopping MCP server: Server 1
Stopping MCP server: Server 2
Stopping MCP server: Server 3
Stopping MCP server: Server 4
Stopping MCP server: Server 5
Stopping MCP server: Server 6
Stopping MCP server: Server 7

Successfully stopped MCP server: Server 0

Successfully stopped MCP server: Server 1

Successfully stopped MCP server: Server 2

Successfully stopped MCP server: Server 3

Successfully stopped MCP server: Server 4

Successfully stopped MCP server: Server 5

Successfully stopped MCP server: Server 6

Successfully stopped MCP server: Server 7

            </system-out>
        </testcase>
        <testcase classname="tests/main/mcp/ConnectionManager.test.ts" name="ServerManager &gt; Server Lifecycle Management &gt; startServer &gt; should handle server already running" time="0.003092375">
            <system-out>
Stopping MCP server: Test Server

Successfully stopped MCP server: Test Server

            </system-out>
        </testcase>
        <testcase classname="tests/main/mcp/ConnectionManager.test.ts" name="ServerManager &gt; Server Lifecycle Management &gt; startServer &gt; should handle MCP SDK loading failure" time="0.002469147">
            <system-out>
Starting MCP server: Test Server (test-server)

Stopping MCP server: Test Server
Successfully stopped MCP server: Test Server

            </system-out>
        </testcase>
        <testcase classname="tests/main/mcp/ConnectionManager.test.ts" name="ServerManager &gt; Server Lifecycle Management &gt; startServer &gt; should handle client connection failure" time="0.002214347">
            <system-out>
Starting MCP server: Test Server (test-server)

Stopping MCP server: Test Server
Successfully stopped MCP server: Test Server

            </system-out>
        </testcase>
        <testcase classname="tests/main/mcp/ConnectionManager.test.ts" name="ServerManager &gt; Server Lifecycle Management &gt; startServer &gt; should handle missing command for STDIO transport" time="0.001057741">
            <system-out>
Starting MCP server: Test Server (test-server)

Stopping MCP server: Test Server
Successfully stopped MCP server: Test Server

            </system-out>
        </testcase>
        <testcase classname="tests/main/mcp/ConnectionManager.test.ts" name="ServerManager &gt; Server Lifecycle Management &gt; startServer &gt; should set up environment variables correctly" time="0.002990155">
            <system-out>
Starting MCP server: Test Server (test-server)

MCP server ready: Test Server { tools: [] }

Discovered tools for test-server: [33m0[39m []

Discovered resources for test-server: [33m0[39m

Discovered prompts for test-server: [33m0[39m

Successfully started MCP server: Test Server

Stopping MCP server: Test Server

Successfully stopped MCP server: Test Server

            </system-out>
        </testcase>
        <testcase classname="tests/main/mcp/ConnectionManager.test.ts" name="ServerManager &gt; Server Lifecycle Management &gt; stopServer &gt; should successfully stop a running server" time="0.003059981">
            <system-out>
Stopping MCP server: Test Server

Successfully stopped MCP server: Test Server

            </system-out>
        </testcase>
        <testcase classname="tests/main/mcp/ConnectionManager.test.ts" name="ServerManager &gt; Server Lifecycle Management &gt; stopServer &gt; should handle stopping non-existent server gracefully" time="0.000620484">
        </testcase>
        <testcase classname="tests/main/mcp/ConnectionManager.test.ts" name="ServerManager &gt; Server Lifecycle Management &gt; stopServer &gt; should handle client close failure" time="0.00228684">
            <system-out>
Stopping MCP server: Test Server

Successfully stopped MCP server: Test Server

            </system-out>
        </testcase>
        <testcase classname="tests/main/mcp/ConnectionManager.test.ts" name="ServerManager &gt; Server Lifecycle Management &gt; stopServer &gt; should kill process if client close fails" time="0.003109014">
            <system-out>
Stopping MCP server: Test Server

Successfully stopped MCP server: Test Server

            </system-out>
        </testcase>
        <testcase classname="tests/main/mcp/ConnectionManager.test.ts" name="ServerManager &gt; Server Lifecycle Management &gt; stopAllServers &gt; should stop all running servers" time="0.001953916">
            <system-out>
Stopping MCP server: Test Server
Stopping MCP server: Test Server
Stopping MCP server: Test Server

Successfully stopped MCP server: Test Server

Successfully stopped MCP server: Test Server

Successfully stopped MCP server: Test Server

            </system-out>
        </testcase>
        <testcase classname="tests/main/mcp/ConnectionManager.test.ts" name="ServerManager &gt; Tool Management &gt; executeTool &gt; should execute a tool with permission" time="0.004034131">
            <system-out>
Executing tool test-tool on server test-server { args: { arg1: [32m&apos;value1&apos;[39m } }

Tool execution completed for test-tool { result: { result: [32m&apos;success&apos;[39m } }

Stopping MCP server: Test Server

Successfully stopped MCP server: Test Server

            </system-out>
        </testcase>
        <testcase classname="tests/main/mcp/ConnectionManager.test.ts" name="ServerManager &gt; Tool Management &gt; executeTool &gt; should reject when server not found" time="0.002591247">
            <system-out>
Stopping MCP server: Test Server

Successfully stopped MCP server: Test Server

            </system-out>
        </testcase>
        <testcase classname="tests/main/mcp/ConnectionManager.test.ts" name="ServerManager &gt; Tool Management &gt; executeTool &gt; should reject when server not ready" time="0.002825062">
            <system-out>
Stopping MCP server: Test Server

Successfully stopped MCP server: Test Server

            </system-out>
        </testcase>
        <testcase classname="tests/main/mcp/ConnectionManager.test.ts" name="ServerManager &gt; Tool Management &gt; executeTool &gt; should reject when tool not found" time="0.002972804">
            <system-out>
Stopping MCP server: Test Server

Successfully stopped MCP server: Test Server

            </system-out>
        </testcase>
        <testcase classname="tests/main/mcp/ConnectionManager.test.ts" name="ServerManager &gt; Tool Management &gt; executeTool &gt; should reject when permission denied" time="0.00229206">
            <system-out>
Stopping MCP server: Test Server

Successfully stopped MCP server: Test Server

            </system-out>
        </testcase>
        <testcase classname="tests/main/mcp/ConnectionManager.test.ts" name="ServerManager &gt; Tool Management &gt; executeTool &gt; should handle tool execution errors" time="0.00279968">
            <system-out>
Executing tool test-tool on server test-server { args: {} }

Stopping MCP server: Test Server

Successfully stopped MCP server: Test Server

            </system-out>
        </testcase>
        <testcase classname="tests/main/mcp/ConnectionManager.test.ts" name="ServerManager &gt; Tool Management &gt; getAvailableTools &gt; should return tools for a specific server" time="0.001935226">
            <system-out>
Stopping MCP server: Test Server

Successfully stopped MCP server: Test Server

            </system-out>
        </testcase>
        <testcase classname="tests/main/mcp/ConnectionManager.test.ts" name="ServerManager &gt; Tool Management &gt; getAvailableTools &gt; should return empty array for non-existent server" time="0.00317227">
            <system-out>
Stopping MCP server: Test Server

Successfully stopped MCP server: Test Server

            </system-out>
        </testcase>
        <testcase classname="tests/main/mcp/ConnectionManager.test.ts" name="ServerManager &gt; Tool Management &gt; getAvailableTools &gt; should return empty array for server without tools" time="0.00240233">
            <system-out>
Stopping MCP server: Test Server

Successfully stopped MCP server: Test Server

            </system-out>
        </testcase>
        <testcase classname="tests/main/mcp/ConnectionManager.test.ts" name="ServerManager &gt; Tool Management &gt; getAllAvailableTools &gt; should return tools from all servers" time="0.005785355">
            <system-out>
Stopping MCP server: Test Server
Stopping MCP server: Test Server

Successfully stopped MCP server: Test Server

Successfully stopped MCP server: Test Server

            </system-out>
        </testcase>
        <testcase classname="tests/main/mcp/ConnectionManager.test.ts" name="ServerManager &gt; Resource Management &gt; readResource &gt; should read a resource successfully" time="0.003370584">
            <system-out>
Reading resource file://test.txt from server test-server

Resource read completed for file://test.txt

Stopping MCP server: Test Server

Successfully stopped MCP server: Test Server

            </system-out>
        </testcase>
        <testcase classname="tests/main/mcp/ConnectionManager.test.ts" name="ServerManager &gt; Resource Management &gt; readResource &gt; should reject when server not found" time="0.002885265">
            <system-out>
Stopping MCP server: Test Server

Successfully stopped MCP server: Test Server

            </system-out>
        </testcase>
        <testcase classname="tests/main/mcp/ConnectionManager.test.ts" name="ServerManager &gt; Resource Management &gt; readResource &gt; should reject when server not ready" time="0.003112171">
            <system-out>
Stopping MCP server: Test Server

Successfully stopped MCP server: Test Server

            </system-out>
        </testcase>
        <testcase classname="tests/main/mcp/ConnectionManager.test.ts" name="ServerManager &gt; Resource Management &gt; readResource &gt; should handle read errors" time="0.00410406">
            <system-out>
Reading resource file://test.txt from server test-server

Stopping MCP server: Test Server

Successfully stopped MCP server: Test Server

            </system-out>
        </testcase>
        <testcase classname="tests/main/mcp/ConnectionManager.test.ts" name="ServerManager &gt; Resource Management &gt; subscribeToResource &gt; should subscribe to a resource successfully" time="0.002598673">
            <system-out>
Subscribed to resource file://test.txt on test-server

Stopping MCP server: Test Server

Successfully stopped MCP server: Test Server

            </system-out>
        </testcase>
        <testcase classname="tests/main/mcp/ConnectionManager.test.ts" name="ServerManager &gt; Resource Management &gt; subscribeToResource &gt; should handle already subscribed resources" time="0.002731241">
            <system-out>
Already subscribed to resource file://test.txt on test-server

Stopping MCP server: Test Server

Successfully stopped MCP server: Test Server

            </system-out>
        </testcase>
        <testcase classname="tests/main/mcp/ConnectionManager.test.ts" name="ServerManager &gt; Resource Management &gt; subscribeToResource &gt; should handle subscription errors" time="0.002310789">
            <system-out>
Stopping MCP server: Test Server

Successfully stopped MCP server: Test Server

            </system-out>
        </testcase>
        <testcase classname="tests/main/mcp/ConnectionManager.test.ts" name="ServerManager &gt; Resource Management &gt; unsubscribeFromResource &gt; should unsubscribe from a resource successfully" time="0.002820476">
            <system-out>
Unsubscribed from resource file://test.txt on test-server

Stopping MCP server: Test Server

Successfully stopped MCP server: Test Server

            </system-out>
        </testcase>
        <testcase classname="tests/main/mcp/ConnectionManager.test.ts" name="ServerManager &gt; Resource Management &gt; unsubscribeFromResource &gt; should handle not subscribed resources" time="0.002695145">
            <system-out>
Unsubscribed from resource file://test.txt on test-server

Stopping MCP server: Test Server

Successfully stopped MCP server: Test Server

            </system-out>
        </testcase>
        <testcase classname="tests/main/mcp/ConnectionManager.test.ts" name="ServerManager &gt; Resource Management &gt; getAvailableResources &gt; should return resources for a specific server" time="0.002515462">
            <system-out>
Stopping MCP server: Test Server

Successfully stopped MCP server: Test Server

            </system-out>
        </testcase>
        <testcase classname="tests/main/mcp/ConnectionManager.test.ts" name="ServerManager &gt; Resource Management &gt; getAvailableResources &gt; should return empty array for non-existent server" time="0.002723632">
            <system-out>
Stopping MCP server: Test Server

Successfully stopped MCP server: Test Server

            </system-out>
        </testcase>
        <testcase classname="tests/main/mcp/ConnectionManager.test.ts" name="ServerManager &gt; Resource Management &gt; getAllAvailableResources &gt; should return resources from all servers" time="0.003772396">
            <system-out>
Stopping MCP server: Test Server
Stopping MCP server: Test Server

Successfully stopped MCP server: Test Server

Successfully stopped MCP server: Test Server

            </system-out>
        </testcase>
        <testcase classname="tests/main/mcp/ConnectionManager.test.ts" name="ServerManager &gt; Prompt Management &gt; executePrompt &gt; should execute a prompt successfully" time="0.002033445">
            <system-out>
Executing prompt test-prompt on server test-server { args: { arg1: [32m&apos;value1&apos;[39m } }

Prompt execution completed for test-prompt

Stopping MCP server: Test Server

Successfully stopped MCP server: Test Server

            </system-out>
        </testcase>
        <testcase classname="tests/main/mcp/ConnectionManager.test.ts" name="ServerManager &gt; Prompt Management &gt; executePrompt &gt; should execute prompt without arguments" time="0.002980666">
            <system-out>
Executing prompt test-prompt on server test-server { args: [90mundefined[39m }

Prompt execution completed for test-prompt

Stopping MCP server: Test Server

Successfully stopped MCP server: Test Server

            </system-out>
        </testcase>
        <testcase classname="tests/main/mcp/ConnectionManager.test.ts" name="ServerManager &gt; Prompt Management &gt; executePrompt &gt; should reject when server not found" time="0.00288599">
            <system-out>
Stopping MCP server: Test Server

Successfully stopped MCP server: Test Server

            </system-out>
        </testcase>
        <testcase classname="tests/main/mcp/ConnectionManager.test.ts" name="ServerManager &gt; Prompt Management &gt; executePrompt &gt; should reject when prompt not found" time="0.00327675">
            <system-out>
Stopping MCP server: Test Server

Successfully stopped MCP server: Test Server

            </system-out>
        </testcase>
        <testcase classname="tests/main/mcp/ConnectionManager.test.ts" name="ServerManager &gt; Prompt Management &gt; executePrompt &gt; should handle prompt execution errors" time="0.00346249">
            <system-out>
Executing prompt test-prompt on server test-server { args: [90mundefined[39m }

Stopping MCP server: Test Server

Successfully stopped MCP server: Test Server

            </system-out>
        </testcase>
        <testcase classname="tests/main/mcp/ConnectionManager.test.ts" name="ServerManager &gt; Prompt Management &gt; getAvailablePrompts &gt; should return prompts for a specific server" time="0.002194223">
            <system-out>
Stopping MCP server: Test Server

Successfully stopped MCP server: Test Server

            </system-out>
        </testcase>
        <testcase classname="tests/main/mcp/ConnectionManager.test.ts" name="ServerManager &gt; Prompt Management &gt; getAvailablePrompts &gt; should return empty array for non-existent server" time="0.002035266">
            <system-out>
Stopping MCP server: Test Server

Successfully stopped MCP server: Test Server

            </system-out>
        </testcase>
        <testcase classname="tests/main/mcp/ConnectionManager.test.ts" name="ServerManager &gt; Prompt Management &gt; getAllAvailablePrompts &gt; should return prompts from all servers" time="0.002635043">
            <system-out>
Stopping MCP server: Test Server
Stopping MCP server: Test Server

Successfully stopped MCP server: Test Server

Successfully stopped MCP server: Test Server

            </system-out>
        </testcase>
        <testcase classname="tests/main/mcp/ConnectionManager.test.ts" name="ServerManager &gt; State Management &gt; should get server state" time="0.003322503">
            <system-out>
Stopping MCP server: Test Server

Successfully stopped MCP server: Test Server

            </system-out>
        </testcase>
        <testcase classname="tests/main/mcp/ConnectionManager.test.ts" name="ServerManager &gt; State Management &gt; should return null for non-existent server state" time="0.001491018">
        </testcase>
        <testcase classname="tests/main/mcp/ConnectionManager.test.ts" name="ServerManager &gt; State Management &gt; should get all server states" time="0.002874502">
            <system-out>
Stopping MCP server: Test Server
Stopping MCP server: Test Server

Successfully stopped MCP server: Test Server

Successfully stopped MCP server: Test Server

            </system-out>
        </testcase>
        <testcase classname="tests/main/mcp/ConnectionManager.test.ts" name="ServerManager &gt; Advanced Features &gt; sampleLLM &gt; should handle LLM sampling requests" time="0.002934162">
            <system-out>
Warning: sampleLLM called directly - this should go through normal tool execution

Executing tool sampleLLM on server test-server {
  args: {
    messages: [ [36m[Object][39m ],
    maxTokens: [33m100[39m,
    temperature: [33m0.7[39m,
    stopSequences: [90mundefined[39m,
    modelPreferences: [90mundefined[39m
  }
}

Tool execution completed for sampleLLM { result: { content: [32m&apos;LLM response&apos;[39m } }

Stopping MCP server: Test Server

Successfully stopped MCP server: Test Server

            </system-out>
        </testcase>
        <testcase classname="tests/main/mcp/ConnectionManager.test.ts" name="ServerManager &gt; Advanced Features &gt; sampleLLM &gt; should reject when server not found" time="0.001264697">
            <system-out>
Warning: sampleLLM called directly - this should go through normal tool execution

            </system-out>
        </testcase>
        <testcase classname="tests/main/mcp/ConnectionManager.test.ts" name="ServerManager &gt; Advanced Features &gt; sampleLLM &gt; should handle sampling errors gracefully" time="0.003298241">
            <system-out>
Warning: sampleLLM called directly - this should go through normal tool execution

Stopping MCP server: Test Server

Successfully stopped MCP server: Test Server

            </system-out>
        </testcase>
        <testcase classname="tests/main/mcp/ConnectionManager.test.ts" name="ServerManager &gt; Advanced Features &gt; Discovery Methods &gt; should discover tools correctly" time="0.002558875">
            <system-out>
Discovered tools for test-server: [33m2[39m [ [32m&apos;tool1&apos;[39m, [32m&apos;tool2&apos;[39m ]

            </system-out>
        </testcase>
        <testcase classname="tests/main/mcp/ConnectionManager.test.ts" name="ServerManager &gt; Advanced Features &gt; Discovery Methods &gt; should discover resources correctly" time="0.001052457">
            <system-out>
Discovered resources for test-server: [33m2[39m

            </system-out>
        </testcase>
        <testcase classname="tests/main/mcp/ConnectionManager.test.ts" name="ServerManager &gt; Advanced Features &gt; Discovery Methods &gt; should discover prompts correctly" time="0.001699631">
            <system-out>
Discovered prompts for test-server: [33m2[39m

            </system-out>
        </testcase>
        <testcase classname="tests/main/mcp/ConnectionManager.test.ts" name="ServerManager &gt; Advanced Features &gt; Discovery Methods &gt; should handle discovery errors gracefully" time="0.000846804">
        </testcase>
        <testcase classname="tests/main/mcp/ConnectionManager.test.ts" name="ServerManager &gt; Advanced Features &gt; Resource Refresh &gt; should refresh server resources" time="0.002270996">
            <system-out>
Discovered resources for test-server: [33m1[39m

Stopping MCP server: Test Server

Successfully stopped MCP server: Test Server

            </system-out>
        </testcase>
        <testcase classname="tests/main/mcp/ConnectionManager.test.ts" name="ServerManager &gt; Advanced Features &gt; Resource Refresh &gt; should handle refresh errors gracefully" time="0.003447355">
            <system-out>
Stopping MCP server: Test Server

Successfully stopped MCP server: Test Server

            </system-out>
        </testcase>
    </testsuite>
    <testsuite name="tests/main/permissions/PermissionManager.test.ts" timestamp="2025-07-04T12:57:47.163Z" hostname="DESKTOP-HR2BSFJ" tests="18" failures="0" errors="0" skipped="0" time="0.016127969">
        <testcase classname="tests/main/permissions/PermissionManager.test.ts" name="PermissionManager &gt; Initialization &gt; should initialize with default settings" time="0.003212123">
        </testcase>
        <testcase classname="tests/main/permissions/PermissionManager.test.ts" name="PermissionManager &gt; Initialization &gt; should set max listeners to 50" time="0.000648667">
        </testcase>
        <testcase classname="tests/main/permissions/PermissionManager.test.ts" name="PermissionManager &gt; Auto-Approval &gt; should auto-approve for trusted servers" time="0.000741164">
        </testcase>
        <testcase classname="tests/main/permissions/PermissionManager.test.ts" name="PermissionManager &gt; Auto-Approval &gt; should auto-approve based on risk level settings" time="0.000366469">
        </testcase>
        <testcase classname="tests/main/permissions/PermissionManager.test.ts" name="PermissionManager &gt; Permission Management API &gt; should revoke permissions" time="0.000836349">
        </testcase>
        <testcase classname="tests/main/permissions/PermissionManager.test.ts" name="PermissionManager &gt; Permission Management API &gt; should handle revoking non-existent permissions" time="0.000336319">
        </testcase>
        <testcase classname="tests/main/permissions/PermissionManager.test.ts" name="PermissionManager &gt; Permission Management API &gt; should clear all permissions" time="0.000190727">
        </testcase>
        <testcase classname="tests/main/permissions/PermissionManager.test.ts" name="PermissionManager &gt; Permission Management API &gt; should update settings" time="0.000446338">
        </testcase>
        <testcase classname="tests/main/permissions/PermissionManager.test.ts" name="PermissionManager &gt; Permission Management API &gt; should manage trusted servers" time="0.001297317">
        </testcase>
        <testcase classname="tests/main/permissions/PermissionManager.test.ts" name="PermissionManager &gt; Session Management &gt; should clear session permissions" time="0.000409902">
        </testcase>
        <testcase classname="tests/main/permissions/PermissionManager.test.ts" name="PermissionManager &gt; Approval Request Handling &gt; should timeout approval requests" time="0.001005901">
        </testcase>
        <testcase classname="tests/main/permissions/PermissionManager.test.ts" name="PermissionManager &gt; Approval Request Handling &gt; should handle invalid approval responses" time="0.000761849">
        </testcase>
        <testcase classname="tests/main/permissions/PermissionManager.test.ts" name="PermissionManager &gt; Approval Request Handling &gt; should emit permission request events" time="0.001017743">
        </testcase>
        <testcase classname="tests/main/permissions/PermissionManager.test.ts" name="PermissionManager &gt; Shutdown &gt; should clean up all resources on shutdown" time="0.000477277">
        </testcase>
        <testcase classname="tests/main/permissions/PermissionManager.test.ts" name="PermissionManager &gt; Edge Cases &gt; should handle empty permission key generation" time="0.000905822">
        </testcase>
        <testcase classname="tests/main/permissions/PermissionManager.test.ts" name="PermissionManager &gt; Edge Cases &gt; should handle session key generation with various inputs" time="0.000398453">
        </testcase>
        <testcase classname="tests/main/permissions/PermissionManager.test.ts" name="PermissionManager &gt; Edge Cases &gt; should handle argument hashing with special characters" time="0.000423382">
        </testcase>
        <testcase classname="tests/main/permissions/PermissionManager.test.ts" name="PermissionManager &gt; Edge Cases &gt; should handle argument hashing with undefined/null values" time="0.000709786">
        </testcase>
    </testsuite>
    <testsuite name="tests/renderer/components/SessionSidebar.test.tsx" timestamp="2025-07-04T12:57:47.167Z" hostname="DESKTOP-HR2BSFJ" tests="1" failures="0" errors="0" skipped="0" time="0.026524875">
        <testcase classname="tests/renderer/components/SessionSidebar.test.tsx" name="SessionSidebar &gt; creates a new chat when clicking + New Chat" time="0.025804011">
            <system-out>
SessionManager: No app storage found, checking for legacy chat history...
SessionManager: No legacy data found, creating default storage
SessionContext: Loading initial session data...
SessionContext: Loaded [33m0[39m sessions, current: [90mundefined[39m
SessionContext: Creating new session with options: {}
SessionManager: Created new session: session_1751633866802_6h4h2ki5i
SessionContext: Created and switched to new session: session_1751633866802_6h4h2ki5i

            </system-out>
        </testcase>
    </testsuite>
    <testsuite name="tests/main/llm/providers/OllamaProvider.test.ts" timestamp="2025-07-04T12:57:47.168Z" hostname="DESKTOP-HR2BSFJ" tests="45" failures="0" errors="0" skipped="0" time="0.02664776">
        <testcase classname="tests/main/llm/providers/OllamaProvider.test.ts" name="OllamaProvider &gt; Constructor &gt; should initialize with provided config" time="0.001841489">
        </testcase>
        <testcase classname="tests/main/llm/providers/OllamaProvider.test.ts" name="OllamaProvider &gt; Constructor &gt; should use default URL when none provided" time="0.00031017">
        </testcase>
        <testcase classname="tests/main/llm/providers/OllamaProvider.test.ts" name="OllamaProvider &gt; Connection Testing &gt; should test connection successfully" time="0.003777234">
        </testcase>
        <testcase classname="tests/main/llm/providers/OllamaProvider.test.ts" name="OllamaProvider &gt; Connection Testing &gt; should handle connection refused error" time="0.000782722">
        </testcase>
        <testcase classname="tests/main/llm/providers/OllamaProvider.test.ts" name="OllamaProvider &gt; Connection Testing &gt; should handle connection error with cause" time="0.000318951">
        </testcase>
        <testcase classname="tests/main/llm/providers/OllamaProvider.test.ts" name="OllamaProvider &gt; Connection Testing &gt; should handle HTTP errors" time="0.00024042">
        </testcase>
        <testcase classname="tests/main/llm/providers/OllamaProvider.test.ts" name="OllamaProvider &gt; Connection Testing &gt; should handle timeout errors" time="0.000256907">
        </testcase>
        <testcase classname="tests/main/llm/providers/OllamaProvider.test.ts" name="OllamaProvider &gt; Model Management &gt; should get available models successfully" time="0.001021024">
        </testcase>
        <testcase classname="tests/main/llm/providers/OllamaProvider.test.ts" name="OllamaProvider &gt; Model Management &gt; should handle empty model list" time="0.000466594">
        </testcase>
        <testcase classname="tests/main/llm/providers/OllamaProvider.test.ts" name="OllamaProvider &gt; Model Management &gt; should handle missing models property" time="0.000311784">
        </testcase>
        <testcase classname="tests/main/llm/providers/OllamaProvider.test.ts" name="OllamaProvider &gt; Model Management &gt; should handle connection error when getting models" time="0.001021542">
        </testcase>
        <testcase classname="tests/main/llm/providers/OllamaProvider.test.ts" name="OllamaProvider &gt; Model Management &gt; should handle HTTP error when getting models" time="0.000307198">
        </testcase>
        <testcase classname="tests/main/llm/providers/OllamaProvider.test.ts" name="OllamaProvider &gt; Model Management &gt; should format sizes correctly" time="0.000203354">
        </testcase>
        <testcase classname="tests/main/llm/providers/OllamaProvider.test.ts" name="OllamaProvider &gt; Message Sending &gt; should send message successfully" time="0.000838">
        </testcase>
        <testcase classname="tests/main/llm/providers/OllamaProvider.test.ts" name="OllamaProvider &gt; Message Sending &gt; should send message with custom options" time="0.000499806">
        </testcase>
        <testcase classname="tests/main/llm/providers/OllamaProvider.test.ts" name="OllamaProvider &gt; Message Sending &gt; should send message with tools" time="0.00052201">
        </testcase>
        <testcase classname="tests/main/llm/providers/OllamaProvider.test.ts" name="OllamaProvider &gt; Message Sending &gt; should handle HTTP error when sending message" time="0.000325676">
        </testcase>
        <testcase classname="tests/main/llm/providers/OllamaProvider.test.ts" name="OllamaProvider &gt; Message Sending &gt; should handle network error when sending message" time="0.000339818">
        </testcase>
        <testcase classname="tests/main/llm/providers/OllamaProvider.test.ts" name="OllamaProvider &gt; Message Sending &gt; should handle finish reason based on done status" time="0.000180321">
        </testcase>
        <testcase classname="tests/main/llm/providers/OllamaProvider.test.ts" name="OllamaProvider &gt; Message Streaming &gt; should stream message successfully" time="0.000819106">
        </testcase>
        <testcase classname="tests/main/llm/providers/OllamaProvider.test.ts" name="OllamaProvider &gt; Message Streaming &gt; should handle streaming with custom options" time="0.000564491">
        </testcase>
        <testcase classname="tests/main/llm/providers/OllamaProvider.test.ts" name="OllamaProvider &gt; Message Streaming &gt; should handle HTTP error when streaming" time="0.000356342">
        </testcase>
        <testcase classname="tests/main/llm/providers/OllamaProvider.test.ts" name="OllamaProvider &gt; Message Streaming &gt; should handle missing response body when streaming" time="0.000335561">
        </testcase>
        <testcase classname="tests/main/llm/providers/OllamaProvider.test.ts" name="OllamaProvider &gt; Message Streaming &gt; should handle invalid JSON in streaming response" time="0.000391434">
        </testcase>
        <testcase classname="tests/main/llm/providers/OllamaProvider.test.ts" name="OllamaProvider &gt; Message Streaming &gt; should handle incomplete streaming data" time="0.000637175">
        </testcase>
        <testcase classname="tests/main/llm/providers/OllamaProvider.test.ts" name="OllamaProvider &gt; Message Streaming &gt; should release reader lock even on error" time="0.000511758">
        </testcase>
        <testcase classname="tests/main/llm/providers/OllamaProvider.test.ts" name="OllamaProvider &gt; Model Download &gt; should download model successfully" time="0.000907077">
        </testcase>
        <testcase classname="tests/main/llm/providers/OllamaProvider.test.ts" name="OllamaProvider &gt; Model Download &gt; should download model without progress callback" time="0.000552987">
        </testcase>
        <testcase classname="tests/main/llm/providers/OllamaProvider.test.ts" name="OllamaProvider &gt; Model Download &gt; should handle HTTP error when downloading" time="0.000381437">
        </testcase>
        <testcase classname="tests/main/llm/providers/OllamaProvider.test.ts" name="OllamaProvider &gt; Model Download &gt; should handle missing response body when downloading" time="0.000587037">
        </testcase>
        <testcase classname="tests/main/llm/providers/OllamaProvider.test.ts" name="OllamaProvider &gt; Model Download &gt; should handle invalid JSON in download response" time="0.000767461">
        </testcase>
        <testcase classname="tests/main/llm/providers/OllamaProvider.test.ts" name="OllamaProvider &gt; Model Download &gt; should release reader lock even on download error" time="0.000688462">
        </testcase>
        <testcase classname="tests/main/llm/providers/OllamaProvider.test.ts" name="OllamaProvider &gt; Model Deletion &gt; should delete model successfully" time="0.000839501">
        </testcase>
        <testcase classname="tests/main/llm/providers/OllamaProvider.test.ts" name="OllamaProvider &gt; Model Deletion &gt; should handle HTTP error when deleting model" time="0.000382198">
        </testcase>
        <testcase classname="tests/main/llm/providers/OllamaProvider.test.ts" name="OllamaProvider &gt; Model Deletion &gt; should handle network error when deleting model" time="0.000303969">
        </testcase>
        <testcase classname="tests/main/llm/providers/OllamaProvider.test.ts" name="OllamaProvider &gt; Message Formatting &gt; should format regular messages correctly" time="0.000211197">
        </testcase>
        <testcase classname="tests/main/llm/providers/OllamaProvider.test.ts" name="OllamaProvider &gt; Message Formatting &gt; should format tool response messages correctly" time="0.000259828">
        </testcase>
        <testcase classname="tests/main/llm/providers/OllamaProvider.test.ts" name="OllamaProvider &gt; Message Formatting &gt; should format messages with tool calls correctly" time="0.000278837">
        </testcase>
        <testcase classname="tests/main/llm/providers/OllamaProvider.test.ts" name="OllamaProvider &gt; Error Handling &gt; should handle timeout errors properly" time="0.000172737">
        </testcase>
        <testcase classname="tests/main/llm/providers/OllamaProvider.test.ts" name="OllamaProvider &gt; Error Handling &gt; should handle connection refused errors" time="0.000144914">
        </testcase>
        <testcase classname="tests/main/llm/providers/OllamaProvider.test.ts" name="OllamaProvider &gt; Error Handling &gt; should handle authentication errors" time="0.000149555">
        </testcase>
        <testcase classname="tests/main/llm/providers/OllamaProvider.test.ts" name="OllamaProvider &gt; Error Handling &gt; should handle rate limit errors" time="0.000147976">
        </testcase>
        <testcase classname="tests/main/llm/providers/OllamaProvider.test.ts" name="OllamaProvider &gt; Error Handling &gt; should handle server errors" time="0.000142004">
        </testcase>
        <testcase classname="tests/main/llm/providers/OllamaProvider.test.ts" name="OllamaProvider &gt; Error Handling &gt; should handle unknown errors" time="0.000125719">
        </testcase>
        <testcase classname="tests/main/llm/providers/OllamaProvider.test.ts" name="OllamaProvider &gt; Error Handling &gt; should handle non-Error objects" time="0.000195893">
        </testcase>
    </testsuite>
    <testsuite name="tests/main/llm/providers/OpenRouterProvider.test.ts" timestamp="2025-07-04T12:57:47.174Z" hostname="DESKTOP-HR2BSFJ" tests="46" failures="0" errors="0" skipped="0" time="0.028097206">
        <testcase classname="tests/main/llm/providers/OpenRouterProvider.test.ts" name="OpenRouterProvider &gt; Constructor &gt; should initialize with provided config" time="0.001248753">
        </testcase>
        <testcase classname="tests/main/llm/providers/OpenRouterProvider.test.ts" name="OpenRouterProvider &gt; Connection Testing &gt; should test connection successfully with valid API key" time="0.001919017">
        </testcase>
        <testcase classname="tests/main/llm/providers/OpenRouterProvider.test.ts" name="OpenRouterProvider &gt; Connection Testing &gt; should fail connection test without API key" time="0.000857005">
            <system-out>
Provider config updated: Test OpenRouter

            </system-out>
        </testcase>
        <testcase classname="tests/main/llm/providers/OpenRouterProvider.test.ts" name="OpenRouterProvider &gt; Connection Testing &gt; should handle HTTP errors during connection test" time="0.000232184">
        </testcase>
        <testcase classname="tests/main/llm/providers/OpenRouterProvider.test.ts" name="OpenRouterProvider &gt; Connection Testing &gt; should handle network errors during connection test" time="0.000405605">
        </testcase>
        <testcase classname="tests/main/llm/providers/OpenRouterProvider.test.ts" name="OpenRouterProvider &gt; Connection Testing &gt; should handle timeout during connection test" time="0.000284849">
        </testcase>
        <testcase classname="tests/main/llm/providers/OpenRouterProvider.test.ts" name="OpenRouterProvider &gt; Model Management &gt; should get available models successfully" time="0.00142479">
        </testcase>
        <testcase classname="tests/main/llm/providers/OpenRouterProvider.test.ts" name="OpenRouterProvider &gt; Model Management &gt; should handle models without description" time="0.000478329">
        </testcase>
        <testcase classname="tests/main/llm/providers/OpenRouterProvider.test.ts" name="OpenRouterProvider &gt; Model Management &gt; should handle error when API key is missing" time="0.001689628">
            <system-out>
Provider config updated: Test OpenRouter

            </system-out>
        </testcase>
        <testcase classname="tests/main/llm/providers/OpenRouterProvider.test.ts" name="OpenRouterProvider &gt; Model Management &gt; should handle HTTP error when getting models" time="0.000377286">
        </testcase>
        <testcase classname="tests/main/llm/providers/OpenRouterProvider.test.ts" name="OpenRouterProvider &gt; Model Management &gt; should handle network error when getting models" time="0.000333151">
        </testcase>
        <testcase classname="tests/main/llm/providers/OpenRouterProvider.test.ts" name="OpenRouterProvider &gt; Message Sending &gt; should send message successfully" time="0.001214151">
            <system-out>
OpenRouter: Response received: {
  hasContent: [33mtrue[39m,
  hasToolCalls: [33mfalse[39m,
  toolCallsCount: [33m0[39m,
  toolCalls: [90mundefined[39m,
  finishReason: [32m&apos;stop&apos;[39m
}

            </system-out>
        </testcase>
        <testcase classname="tests/main/llm/providers/OpenRouterProvider.test.ts" name="OpenRouterProvider &gt; Message Sending &gt; should send message with custom options" time="0.000748198">
            <system-out>
OpenRouter: Response received: {
  hasContent: [33mtrue[39m,
  hasToolCalls: [33mfalse[39m,
  toolCallsCount: [33m0[39m,
  toolCalls: [90mundefined[39m,
  finishReason: [32m&apos;stop&apos;[39m
}

            </system-out>
        </testcase>
        <testcase classname="tests/main/llm/providers/OpenRouterProvider.test.ts" name="OpenRouterProvider &gt; Message Sending &gt; should send message with tools" time="0.001875808">
            <system-out>
OpenRouter: Sending tools: { count: [33m1[39m, toolNames: [ [32m&apos;get_weather&apos;[39m ] }

OpenRouter: Response received: {
  hasContent: [33mtrue[39m,
  hasToolCalls: [33mtrue[39m,
  toolCallsCount: [33m1[39m,
  toolCalls: [ { id: [32m&apos;call_123&apos;[39m, type: [32m&apos;function&apos;[39m, function: [36m[Object][39m } ],
  finishReason: [32m&apos;tool_calls&apos;[39m
}

            </system-out>
        </testcase>
        <testcase classname="tests/main/llm/providers/OpenRouterProvider.test.ts" name="OpenRouterProvider &gt; Message Sending &gt; should handle missing API key" time="0.000807666">
            <system-out>
Provider config updated: Test OpenRouter

            </system-out>
        </testcase>
        <testcase classname="tests/main/llm/providers/OpenRouterProvider.test.ts" name="OpenRouterProvider &gt; Message Sending &gt; should handle HTTP error response" time="0.000583186">
        </testcase>
        <testcase classname="tests/main/llm/providers/OpenRouterProvider.test.ts" name="OpenRouterProvider &gt; Message Sending &gt; should handle missing choices in response" time="0.000395921">
        </testcase>
        <testcase classname="tests/main/llm/providers/OpenRouterProvider.test.ts" name="OpenRouterProvider &gt; Message Sending &gt; should handle response with empty content" time="0.000435603">
            <system-out>
OpenRouter: Response received: {
  hasContent: [33mfalse[39m,
  hasToolCalls: [33mfalse[39m,
  toolCallsCount: [33m0[39m,
  toolCalls: [90mundefined[39m,
  finishReason: [32m&apos;stop&apos;[39m
}

            </system-out>
        </testcase>
        <testcase classname="tests/main/llm/providers/OpenRouterProvider.test.ts" name="OpenRouterProvider &gt; Message Sending &gt; should handle network error" time="0.000278552">
        </testcase>
        <testcase classname="tests/main/llm/providers/OpenRouterProvider.test.ts" name="OpenRouterProvider &gt; Message Streaming &gt; should stream message successfully" time="0.001004567">
        </testcase>
        <testcase classname="tests/main/llm/providers/OpenRouterProvider.test.ts" name="OpenRouterProvider &gt; Message Streaming &gt; should handle streaming with custom options" time="0.000529921">
        </testcase>
        <testcase classname="tests/main/llm/providers/OpenRouterProvider.test.ts" name="OpenRouterProvider &gt; Message Streaming &gt; should handle missing API key during streaming" time="0.000695015">
            <system-out>
Provider config updated: Test OpenRouter

            </system-out>
        </testcase>
        <testcase classname="tests/main/llm/providers/OpenRouterProvider.test.ts" name="OpenRouterProvider &gt; Message Streaming &gt; should handle HTTP error during streaming" time="0.000614868">
        </testcase>
        <testcase classname="tests/main/llm/providers/OpenRouterProvider.test.ts" name="OpenRouterProvider &gt; Message Streaming &gt; should handle missing response body during streaming" time="0.000393538">
        </testcase>
        <testcase classname="tests/main/llm/providers/OpenRouterProvider.test.ts" name="OpenRouterProvider &gt; Message Streaming &gt; should handle invalid JSON in streaming response" time="0.000906126">
        </testcase>
        <testcase classname="tests/main/llm/providers/OpenRouterProvider.test.ts" name="OpenRouterProvider &gt; Message Streaming &gt; should handle incomplete streaming data" time="0.000610307">
        </testcase>
        <testcase classname="tests/main/llm/providers/OpenRouterProvider.test.ts" name="OpenRouterProvider &gt; Message Streaming &gt; should release reader lock even on error" time="0.000500972">
        </testcase>
        <testcase classname="tests/main/llm/providers/OpenRouterProvider.test.ts" name="OpenRouterProvider &gt; Model Info &gt; should get model info successfully" time="0.000613961">
        </testcase>
        <testcase classname="tests/main/llm/providers/OpenRouterProvider.test.ts" name="OpenRouterProvider &gt; Model Info &gt; should return null for non-existent model" time="0.000307142">
        </testcase>
        <testcase classname="tests/main/llm/providers/OpenRouterProvider.test.ts" name="OpenRouterProvider &gt; Model Info &gt; should handle missing API key" time="0.000426766">
            <system-out>
Provider config updated: Test OpenRouter

            </system-out>
        </testcase>
        <testcase classname="tests/main/llm/providers/OpenRouterProvider.test.ts" name="OpenRouterProvider &gt; Model Info &gt; should handle HTTP errors other than 404" time="0.000273006">
        </testcase>
        <testcase classname="tests/main/llm/providers/OpenRouterProvider.test.ts" name="OpenRouterProvider &gt; Model Info &gt; should handle network errors" time="0.000225849">
        </testcase>
        <testcase classname="tests/main/llm/providers/OpenRouterProvider.test.ts" name="OpenRouterProvider &gt; Credit Balance &gt; should get credit balance successfully" time="0.000716713">
        </testcase>
        <testcase classname="tests/main/llm/providers/OpenRouterProvider.test.ts" name="OpenRouterProvider &gt; Credit Balance &gt; should return null when no API key configured" time="0.000403145">
            <system-out>
Provider config updated: Test OpenRouter

            </system-out>
        </testcase>
        <testcase classname="tests/main/llm/providers/OpenRouterProvider.test.ts" name="OpenRouterProvider &gt; Credit Balance &gt; should return null on HTTP error" time="0.000216174">
        </testcase>
        <testcase classname="tests/main/llm/providers/OpenRouterProvider.test.ts" name="OpenRouterProvider &gt; Credit Balance &gt; should return null when credit_balance is missing" time="0.000202829">
        </testcase>
        <testcase classname="tests/main/llm/providers/OpenRouterProvider.test.ts" name="OpenRouterProvider &gt; Credit Balance &gt; should handle network errors" time="0.000205816">
        </testcase>
        <testcase classname="tests/main/llm/providers/OpenRouterProvider.test.ts" name="OpenRouterProvider &gt; Message Formatting &gt; should format regular messages correctly" time="0.000208463">
        </testcase>
        <testcase classname="tests/main/llm/providers/OpenRouterProvider.test.ts" name="OpenRouterProvider &gt; Message Formatting &gt; should format tool response messages correctly" time="0.000183225">
        </testcase>
        <testcase classname="tests/main/llm/providers/OpenRouterProvider.test.ts" name="OpenRouterProvider &gt; Message Formatting &gt; should format messages with tool calls correctly" time="0.000181729">
        </testcase>
        <testcase classname="tests/main/llm/providers/OpenRouterProvider.test.ts" name="OpenRouterProvider &gt; Error Handling &gt; should handle insufficient credits error" time="0.000158792">
        </testcase>
        <testcase classname="tests/main/llm/providers/OpenRouterProvider.test.ts" name="OpenRouterProvider &gt; Error Handling &gt; should handle rate limit error" time="0.000134053">
        </testcase>
        <testcase classname="tests/main/llm/providers/OpenRouterProvider.test.ts" name="OpenRouterProvider &gt; Error Handling &gt; should handle model validation error" time="0.000137553">
        </testcase>
        <testcase classname="tests/main/llm/providers/OpenRouterProvider.test.ts" name="OpenRouterProvider &gt; Error Handling &gt; should handle timeout errors" time="0.000226726">
        </testcase>
        <testcase classname="tests/main/llm/providers/OpenRouterProvider.test.ts" name="OpenRouterProvider &gt; Error Handling &gt; should handle timeout message errors" time="0.000120361">
        </testcase>
        <testcase classname="tests/main/llm/providers/OpenRouterProvider.test.ts" name="OpenRouterProvider &gt; Error Handling &gt; should fall back to base error handling" time="0.000130268">
        </testcase>
    </testsuite>
    <testsuite name="tests/renderer/components/MCP/McpIntegration.test.tsx" timestamp="2025-07-04T12:57:47.182Z" hostname="DESKTOP-HR2BSFJ" tests="27" failures="0" errors="0" skipped="0" time="0.295165971">
        <testcase classname="tests/renderer/components/MCP/McpIntegration.test.tsx" name="McpIntegration &gt; Initial Rendering and Loading &gt; renders without crashing" time="0.022815488">
        </testcase>
        <testcase classname="tests/renderer/components/MCP/McpIntegration.test.tsx" name="McpIntegration &gt; Initial Rendering and Loading &gt; shows loading state initially" time="0.004977551">
        </testcase>
        <testcase classname="tests/renderer/components/MCP/McpIntegration.test.tsx" name="McpIntegration &gt; Initial Rendering and Loading &gt; loads and displays servers successfully" time="0.014414798">
        </testcase>
        <testcase classname="tests/renderer/components/MCP/McpIntegration.test.tsx" name="McpIntegration &gt; Initial Rendering and Loading &gt; displays empty state when no servers configured" time="0.034541419">
        </testcase>
        <testcase classname="tests/renderer/components/MCP/McpIntegration.test.tsx" name="McpIntegration &gt; Initial Rendering and Loading &gt; displays error state when loading fails" time="0.004425495">
        </testcase>
        <testcase classname="tests/renderer/components/MCP/McpIntegration.test.tsx" name="McpIntegration &gt; Initial Rendering and Loading &gt; handles network errors during loading" time="0.004038422">
        </testcase>
        <testcase classname="tests/renderer/components/MCP/McpIntegration.test.tsx" name="McpIntegration &gt; Server Display and Status &gt; displays server status badges correctly" time="0.009851732">
        </testcase>
        <testcase classname="tests/renderer/components/MCP/McpIntegration.test.tsx" name="McpIntegration &gt; Server Display and Status &gt; displays transport information correctly" time="0.007514392">
        </testcase>
        <testcase classname="tests/renderer/components/MCP/McpIntegration.test.tsx" name="McpIntegration &gt; Server Display and Status &gt; displays status icons correctly" time="0.006166124">
        </testcase>
        <testcase classname="tests/renderer/components/MCP/McpIntegration.test.tsx" name="McpIntegration &gt; Server Management Actions &gt; toggles server enabled state successfully" time="0.015099891">
        </testcase>
        <testcase classname="tests/renderer/components/MCP/McpIntegration.test.tsx" name="McpIntegration &gt; Server Management Actions &gt; handles server toggle errors" time="0.008281166">
        </testcase>
        <testcase classname="tests/renderer/components/MCP/McpIntegration.test.tsx" name="McpIntegration &gt; Server Management Actions &gt; removes server with confirmation" time="0.012582605">
        </testcase>
        <testcase classname="tests/renderer/components/MCP/McpIntegration.test.tsx" name="McpIntegration &gt; Server Management Actions &gt; cancels server removal when user declines confirmation" time="0.008141145">
        </testcase>
        <testcase classname="tests/renderer/components/MCP/McpIntegration.test.tsx" name="McpIntegration &gt; Server Management Actions &gt; handles server removal errors" time="0.01503322">
        </testcase>
        <testcase classname="tests/renderer/components/MCP/McpIntegration.test.tsx" name="McpIntegration &gt; Server Wizard Integration &gt; opens server wizard when add server button is clicked" time="0.013943432">
        </testcase>
        <testcase classname="tests/renderer/components/MCP/McpIntegration.test.tsx" name="McpIntegration &gt; Server Wizard Integration &gt; opens wizard from empty state" time="0.017424823">
        </testcase>
        <testcase classname="tests/renderer/components/MCP/McpIntegration.test.tsx" name="McpIntegration &gt; Server Wizard Integration &gt; refreshes server list when server is added via wizard" time="0.01588776">
        </testcase>
        <testcase classname="tests/renderer/components/MCP/McpIntegration.test.tsx" name="McpIntegration &gt; Error Handling and Edge Cases &gt; handles undefined server data gracefully" time="0.003274675">
        </testcase>
        <testcase classname="tests/renderer/components/MCP/McpIntegration.test.tsx" name="McpIntegration &gt; Error Handling and Edge Cases &gt; handles malformed server data" time="0.003496477">
        </testcase>
        <testcase classname="tests/renderer/components/MCP/McpIntegration.test.tsx" name="McpIntegration &gt; Error Handling and Edge Cases &gt; retries loading on initial failure with user action" time="0.004620045">
        </testcase>
        <testcase classname="tests/renderer/components/MCP/McpIntegration.test.tsx" name="McpIntegration &gt; Error Handling and Edge Cases &gt; handles rapid server state changes" time="0.016258021">
        </testcase>
        <testcase classname="tests/renderer/components/MCP/McpIntegration.test.tsx" name="McpIntegration &gt; Accessibility and UX &gt; has proper ARIA labels and roles" time="0.011998726">
        </testcase>
        <testcase classname="tests/renderer/components/MCP/McpIntegration.test.tsx" name="McpIntegration &gt; Accessibility and UX &gt; supports keyboard navigation" time="0.008147222">
        </testcase>
        <testcase classname="tests/renderer/components/MCP/McpIntegration.test.tsx" name="McpIntegration &gt; Accessibility and UX &gt; provides clear loading states" time="0.010121949">
        </testcase>
        <testcase classname="tests/renderer/components/MCP/McpIntegration.test.tsx" name="McpIntegration &gt; Accessibility and UX &gt; provides clear error messages" time="0.007561218">
        </testcase>
        <testcase classname="tests/renderer/components/MCP/McpIntegration.test.tsx" name="McpIntegration &gt; Integration with Settings &gt; calls onSettingsUpdate when servers change" time="0.009324615">
        </testcase>
        <testcase classname="tests/renderer/components/MCP/McpIntegration.test.tsx" name="McpIntegration &gt; Integration with Settings &gt; reloads servers when settings prop changes" time="0.003546075">
        </testcase>
    </testsuite>
    <testsuite name="tests/renderer/components/MCP/McpServerWizard.test.tsx" timestamp="2025-07-04T12:57:47.185Z" hostname="DESKTOP-HR2BSFJ" tests="13" failures="0" errors="0" skipped="0" time="0.173386751">
        <testcase classname="tests/renderer/components/MCP/McpServerWizard.test.tsx" name="McpServerWizard &gt; Basic Rendering &gt; renders without crashing when open" time="0.029338016">
        </testcase>
        <testcase classname="tests/renderer/components/MCP/McpServerWizard.test.tsx" name="McpServerWizard &gt; Basic Rendering &gt; does not render when closed" time="0.002264322">
        </testcase>
        <testcase classname="tests/renderer/components/MCP/McpServerWizard.test.tsx" name="McpServerWizard &gt; Basic Rendering &gt; displays wizard steps" time="0.009002944">
        </testcase>
        <testcase classname="tests/renderer/components/MCP/McpServerWizard.test.tsx" name="McpServerWizard &gt; Form Validation &gt; validates server name is required" time="0.043067913">
        </testcase>
        <testcase classname="tests/renderer/components/MCP/McpServerWizard.test.tsx" name="McpServerWizard &gt; Form Validation &gt; validates command for STDIO transport" time="0.038147111">
        </testcase>
        <testcase classname="tests/renderer/components/MCP/McpServerWizard.test.tsx" name="McpServerWizard &gt; Connection Testing &gt; tests connection successfully" time="0.007208096">
        </testcase>
        <testcase classname="tests/renderer/components/MCP/McpServerWizard.test.tsx" name="McpServerWizard &gt; Connection Testing &gt; handles connection test failure" time="0.004745725">
        </testcase>
        <testcase classname="tests/renderer/components/MCP/McpServerWizard.test.tsx" name="McpServerWizard &gt; Server Creation &gt; creates server successfully" time="0.006432619">
        </testcase>
        <testcase classname="tests/renderer/components/MCP/McpServerWizard.test.tsx" name="McpServerWizard &gt; Server Creation &gt; handles server creation error" time="0.007852442">
        </testcase>
        <testcase classname="tests/renderer/components/MCP/McpServerWizard.test.tsx" name="McpServerWizard &gt; User Interactions &gt; closes when close button is clicked" time="0.00657772">
        </testcase>
        <testcase classname="tests/renderer/components/MCP/McpServerWizard.test.tsx" name="McpServerWizard &gt; User Interactions &gt; calls onServerAdded when server is created" time="0.009515774">
        </testcase>
        <testcase classname="tests/renderer/components/MCP/McpServerWizard.test.tsx" name="McpServerWizard &gt; Accessibility &gt; has proper ARIA labels" time="0.004367231">
        </testcase>
        <testcase classname="tests/renderer/components/MCP/McpServerWizard.test.tsx" name="McpServerWizard &gt; Accessibility &gt; supports keyboard navigation" time="0.003288564">
        </testcase>
    </testsuite>
</testsuites>
